
****Welcome to ModelGenerator v0.85****

If you use ModelGenerator in your analysis, please cite:

Thomas M Keane, Christopher J Creevey , Melissa M Pentony, Thomas J Naughton and James O McInerney (2006) Assessment of methods for amino acid matrix selection and their use on empirical data shows that ad hoc assumptions for choice of matrix are not justified, BMC Evolutionary Biology, 6:29

http://www.biomedcentral.com/1471-2148/6/29

Input sequence file: /Users/Rob/Dropbox/Current_work/06Partition_Finder/v0.2/partition_finder/testfiles/test.fas
Format is FASTA
Datatype is NUCLEOTIDE
Building initial NJ tree......
Created models
Starting to optimise model parameters.....
Number of observed invariant sites: 1842
Optimising model 1 of 56: JC
Optimising model 2 of 56: JC+G
Optimising model 3 of 56: JC+I
Optimising model 4 of 56: JC+I+G
Optimising model 5 of 56: F81
Optimising model 6 of 56: F81+G
Optimising model 7 of 56: F81+I
Optimising model 8 of 56: F81+I+G
Optimising model 9 of 56: HKY
Optimising model 10 of 56: HKY+G
Optimising model 11 of 56: HKY+I
Optimising model 12 of 56: HKY+I+G
Optimising model 13 of 56: K80
Optimising model 14 of 56: K80+G
Optimising model 15 of 56: K80+I
Optimising model 16 of 56: K80+I+G
Optimising model 17 of 56: SYM
Optimising model 18 of 56: SYM+G
Optimising model 19 of 56: SYM+I
Optimising model 20 of 56: SYM+I+G
Optimising model 21 of 56: GTR
Optimising model 22 of 56: GTR+G
Optimising model 23 of 56: GTR+I
Optimising model 24 of 56: GTR+I+G
Optimising model 25 of 56: TrN
Optimising model 26 of 56: TrN+G
Optimising model 27 of 56: TrN+I
Optimising model 28 of 56: TrN+I+G
Optimising model 29 of 56: TrNef
Optimising model 30 of 56: TrNef+G
Optimising model 31 of 56: TrNef+I
Optimising model 32 of 56: TrNef+I+G
Optimising model 33 of 56: TVM
Optimising model 34 of 56: TVM+G
Optimising model 35 of 56: TVM+I
Optimising model 36 of 56: TVM+I+G
Optimising model 37 of 56: TVMef
Optimising model 38 of 56: TVMef+G
Optimising model 39 of 56: TVMef+I
Optimising model 40 of 56: TVMef+I+G
Optimising model 41 of 56: TIM
Optimising model 42 of 56: TIM+G
Optimising model 43 of 56: TIM+I
Optimising model 44 of 56: TIM+I+G
Optimising model 45 of 56: TIMef
Optimising model 46 of 56: TIMef+G
Optimising model 47 of 56: TIMef+I
Optimising model 48 of 56: TIMef+I+G
Optimising model 49 of 56: K81uf
Optimising model 50 of 56: K81uf+G
Optimising model 51 of 56: K81uf+I
Optimising model 52 of 56: K81uf+I+G
Optimising model 53 of 56: K81
Optimising model 54 of 56: K81+G
Optimising model 55 of 56: K81+I
Optimising model 56 of 56: K81+I+G

		Uniform			G			I			I+G
JC		-4901.979742894696	-4883.9254094996095	-4883.925022248957	-4883.925009611627	
F81		-4890.202320496677	-4872.18851252304	-4872.188853247098	-4872.188696192601	
HKY		-4828.575718914427	-4802.932966798727	-4802.959391784137	-4802.931235641734	
K80		-4840.825399873705	-4816.258971159479	-4832.6503355711575	-4816.227520600416	
SYM		-4828.54814956085	-4804.748141603478	-4804.7244109808	-4804.176315342965	
GTR		-4811.206900265403	-4786.9434657307465	-4787.0405238057065	-4786.317994706632	
TrN		-4814.44807681848	-4789.963488344749	-4790.518645733958	-4789.621412551999	
TrNef		-4830.646936389516	-4806.7007196513405	-4813.171451453851	-4806.281329731269	
TVM		-4825.318089528309	-4799.8106336037745	-4799.621239553475	-4799.784908900258	
TVMef		-4838.803080355027	-4814.428087003061	-4814.221153474649	-4814.459193491657	
TIM		-4813.667351792751	-4789.426169226546	-4789.7750280602595	-4788.874076070461	
TIMef		-4829.7479989079875	-4805.4997507936805	-4832.650003380876	-4805.257068033955	
K81uf		-4827.785400074326	-4802.321634776222	-4802.128620830322	-4802.142885957202	
K81		-4839.845727016523	-4815.223135045153	-4832.650057468355	-4815.25554878016	

****Hierarchical Likelihood Ratio Tests (hLRTs)****

Equal base frequencies
	Null model = JC
	Alternative model = F81
	2(lnL1-lnL0) = 23.554844796037287	df = 3
Using Chi-Squared Test
	P-value < .0001

Ti=Tv
	Null model = F81
	Alternative model = HKY
	2(lnL1-lnL0) = 123.25320316450052	df = 1
Using Chi-Squared Test
	P-value < .0001

1 or 2 transition rates
	Null model = HKY
	Alternative model = TrN
	2(lnL1-lnL0) = 28.255284191893224	df = 1
Using Chi-Squared Test
	P-value < .0001

1 or 2 transversion rates
	Null model = TrN
	Alternative model = TIM
	2(lnL1-lnL0) = 1.5614500514584506	df = 1
Using Chi-Squared Test
	P-value = 0.07719927594139642

Equal rates among sites
	Null model = TrN
	Alternative model = TrN+G
	2(lnL1-lnL0) = 48.969176947462984	df = 1
Using mixed Chi-Squared Test
	P-value < .0001

No invariable sites
	Null model = TrN+G
	Alternative model = TrN+I+G
	2(lnL1-lnL0) = 0.6841515854994213	df = 1
Using mixed Chi-Squared Test
	P-value = 0.12105181824208194

Model Selected: TrN+G
-lnL: 4789.963488344749
Substitution Model (with Rate Distribution):
Model of substitution: TN (Tamura-Nei 1993)
Transition/transversion rate ratio kappa: 4.62
Y/R transition rate ratio: 2.63

Nucleotide frequencies:
pi(A) = 0.24299
pi(C) = 0.25657
pi(G) = 0.28999
pi(T) = 0.21045

Expected transition/transversion ratio: 2.17
Expected pyrimidine transition/purine transition ratio: 2.02

Model of rate heterogeneity: Discrete Gamma
Number of rate categories: 4
Gamma distribution parameter alpha: 0.19

Relative rates and their probabilities:

    Rate      Probability
1   0.00008   0.25000
2   0.02804   0.25000
3   0.43882   0.25000
4   3.53306   0.25000


****Akaike Information Criterion 1 (AIC1)****

Model Selected: GTR+G
-lnL = 4786.9434657307465
k = 12 (Branch lengths included as model parameters)
AIC1 = 9597.886931461493

Substitution Model (with Rate Distribution):
Model of substitution: GTR (Lanave et al. 1984)
Parameter a: 0.53
Parameter b: 2.41
Parameter c: 1.56
Parameter d: 0.85
Parameter e: 6.40
                                   A  C  G  T
Corresponding rate matrix      ----------------
(shown without frequencies):     A    a  b  c
                                 C       d  e
                                 G          1

Nucleotide frequencies:
pi(A) = 0.24252
pi(C) = 0.25931
pi(G) = 0.29038
pi(T) = 0.20779

Expected transition/transversion ratio: 2.18
Expected pyrimidine transition/purine transition ratio: 2.03

Model of rate heterogeneity: Discrete Gamma
Number of rate categories: 4
Gamma distribution parameter alpha: 0.19

Relative rates and their probabilities:

    Rate      Probability
1   0.00008   0.25000
2   0.02766   0.25000
3   0.43677   0.25000
4   3.53548   0.25000


****Akaike Information Criterion 2 (AIC2)****

Model Selected: TrN+G
-lnL = 4789.963488344749
k = 9 (Branch lengths included as model parameters)
AIC2 = 9624.926976689498

Substitution Model (with Rate Distribution):
Model of substitution: TN (Tamura-Nei 1993)
Transition/transversion rate ratio kappa: 4.62
Y/R transition rate ratio: 2.63

Nucleotide frequencies:
pi(A) = 0.24299
pi(C) = 0.25657
pi(G) = 0.28999
pi(T) = 0.21045

Expected transition/transversion ratio: 2.17
Expected pyrimidine transition/purine transition ratio: 2.02

Model of rate heterogeneity: Discrete Gamma
Number of rate categories: 4
Gamma distribution parameter alpha: 0.19

Relative rates and their probabilities:

    Rate      Probability
1   0.00008   0.25000
2   0.02804   0.25000
3   0.43882   0.25000
4   3.53306   0.25000


****Bayesian Information Criterion (BIC)****

Model Selected: TrN+G
-lnL = 4789.963488344749
k = 9 (Branch lengths included as model parameters)
BIC = 9649.22555835607

Substitution Model (with Rate Distribution):
Model of substitution: TN (Tamura-Nei 1993)
Transition/transversion rate ratio kappa: 4.62
Y/R transition rate ratio: 2.63

Nucleotide frequencies:
pi(A) = 0.24299
pi(C) = 0.25657
pi(G) = 0.28999
pi(T) = 0.21045

Expected transition/transversion ratio: 2.17
Expected pyrimidine transition/purine transition ratio: 2.02

Model of rate heterogeneity: Discrete Gamma
Number of rate categories: 4
Gamma distribution parameter alpha: 0.19

Relative rates and their probabilities:

    Rate      Probability
1   0.00008   0.25000
2   0.02804   0.25000
3   0.43882   0.25000
4   3.53306   0.25000


Model-fit Ranking according to all measures
-------------------------------------------------------------------------------------------------------------------------------------------------------------------------------------------------------
	AIC1			Model		Ln			AIC2			Model		Ln			BIC			Model		Ln
-------------------------------------------------------------------------------------------------------------------------------------------------------------------------------------------------------

0	9597.886931461493	GTR+G		-4786.9434657307465	9624.926976689498	TrN+G		-4789.963488344749	9649.22555835607	TrN+G		-4789.963488344749	
1	9597.926976689498	TrN+G		-4789.963488344749	9626.037291467916	TrN+I		-4790.518645733958	9650.335873134489	TrN+I		-4790.518645733958	
2	9598.081047611413	GTR+I		-4787.0405238057065	9628.852338453093	TIM+G		-4789.426169226546	9655.850762527063	TIM+G		-4789.426169226546	
3	9598.635989413264	GTR+I+G		-4786.317994706632	9629.242825103998	TrN+I+G		-4789.621412551999	9656.241249177969	TrN+I+G		-4789.621412551999	
4	9598.852338453093	TIM+G		-4789.426169226546	9629.550056120519	TIM+I		-4789.7750280602595	9656.54848019449	TIM+I		-4789.7750280602595	
5	9599.037291467916	TrN+I		-4790.518645733958	9632.748152140923	TIM+I+G		-4788.874076070461	9659.600493747063	TrNef+G		-4806.7007196513405	
6	9599.242825103998	TrN+I+G		-4789.621412551999	9633.886931461493	GTR+G		-4786.9434657307465	9662.44641862229	TIM+I+G		-4788.874076070461	
7	9599.550056120519	TIM+I		-4789.7750280602595	9634.081047611413	GTR+I		-4787.0405238057065	9664.89839843914	TIMef+G		-4805.4997507936805	
8	9599.748152140923	TIM+I+G		-4788.874076070461	9637.635989413264	GTR+I+G		-4786.317994706632	9666.285040350256	GTR+G		-4786.9434657307465	
9	9621.24247910695	TVM+I		-4799.621239553475	9643.401439302681	TrNef+G		-4806.7007196513405	9666.461556314316	TrNef+I+G	-4806.281329731269	
10	9621.621267207549	TVM+G		-4799.8106336037745	9645.865933597453	HKY+G		-4802.932966798727	9666.479156500176	GTR+I		-4787.0405238057065	
11	9621.865933597453	HKY+G		-4802.932966798727	9645.918783568273	HKY+I		-4802.959391784137	9667.46467285663	HKY+G		-4802.932966798727	
12	9621.918783568273	HKY+I		-4802.959391784137	9645.999501587361	TIMef+G		-4805.4997507936805	9667.51752282745	HKY+I		-4802.959391784137	
13	9622.257241660644	K81uf+I		-4802.128620830322	9647.562659462537	TrNef+I+G	-4806.281329731269	9671.017154355943	K80+G		-4816.258971159479	
14	9622.643269552444	K81uf+G		-4802.321634776222	9649.257241660644	K81uf+I		-4802.128620830322	9672.112875327086	TIMef+I+G	-4805.257068033955	
15	9623.569817800517	TVM+I+G		-4799.784908900258	9649.643269552444	K81uf+G		-4802.321634776222	9672.541957352083	TrNef+I		-4813.171451453851	
16	9623.862471283468	HKY+I+G		-4802.931235641734	9650.51413606791	TIMef+I+G	-4805.257068033955	9672.733940709424	GTR+I+G		-4786.317994706632	
17	9624.285771914405	K81uf+I+G	-4802.142885957202	9650.862471283468	HKY+I+G		-4802.931235641734	9673.555823327217	K81uf+I		-4802.128620830322	
18	9624.999501587361	TIMef+G		-4805.4997507936805	9654.24247910695	TVM+I		-4799.621239553475	9673.941851219017	K81uf+G		-4802.321634776222	
19	9625.401439302681	TrNef+G		-4806.7007196513405	9654.285771914405	K81uf+I+G	-4802.142885957202	9675.161052950041	HKY+I+G		-4802.931235641734	
20	9626.51413606791	TIMef+I+G	-4805.257068033955	9654.4488219616		SYM+I		-4804.7244109808	9676.645324534687	K81+G		-4815.223135045153	
21	9626.562659462537	TrNef+I+G	-4806.281329731269	9654.496283206956	SYM+G		-4804.748141603478	9678.654095645214	K80+I+G		-4816.227520600416	
22	9627.4488219616		SYM+I		-4804.7244109808	9654.621267207549	TVM+G		-4799.8106336037745	9678.747403628173	SYM+I		-4804.7244109808	
23	9627.496283206956	SYM+G		-4804.748141603478	9656.342902907702	TrNef+I		-4813.171451453851	9678.79486487353	SYM+G		-4804.748141603478	
24	9628.35263068593	SYM+I+G		-4804.176315342965	9657.517942318958	K80+G		-4816.258971159479	9681.284195988375	K81uf+I+G	-4802.142885957202	
25	9638.342902907702	TrNef+I		-4813.171451453851	9658.35263068593	SYM+I+G		-4804.176315342965	9683.940745588317	TVM+I		-4799.621239553475	
26	9642.446270090306	K81+G		-4815.223135045153	9659.569817800517	TVM+I+G		-4799.784908900258	9684.319533688917	TVM+G		-4799.8106336037745	
27	9642.517942318958	K80+G		-4816.258971159479	9660.446270090306	K81+G		-4815.223135045153	9684.409994412099	K81+I+G		-4815.25554878016	
28	9644.413800530807	GTR		-4811.206900265403	9662.455041200832	K80+I+G		-4816.227520600416	9685.3510547599		SYM+I+G		-4804.176315342965	
29	9644.442306949299	TVMef+I		-4814.221153474649	9665.51109756032	K81+I+G		-4815.25554878016	9690.041046208475	TVMef+I		-4814.221153474649	
30	9644.455041200832	K80+I+G		-4816.227520600416	9668.442306949299	TVMef+I		-4814.221153474649	9690.454913265297	TVMef+G		-4814.428087003061	
31	9644.51109756032	K81+I+G		-4815.25554878016	9668.856174006121	TVMef+G		-4814.428087003061	9690.494892896137	TrN		-4814.44807681848	
32	9644.856174006121	TVMef+G		-4814.428087003061	9668.89615363696	TrN		-4814.44807681848	9691.96792668928	TVM+I+G		-4799.784908900258	
33	9644.89615363696	TrN		-4814.44807681848	9672.334703585502	TIM		-4813.667351792751	9696.633285252075	TIM		-4813.667351792751	
34	9645.334703585502	TIM		-4813.667351792751	9673.918386983314	TVMef+I+G	-4814.459193491657	9698.216968649887	TVMef+I+G	-4814.459193491657	
35	9646.918386983314	TVMef+I+G	-4814.459193491657	9677.413800530807	GTR		-4811.206900265403	9699.793084816016	TrNef		-4830.646936389516	
36	9670.636179056619	TVM		-4825.318089528309	9686.293872779032	TrNef		-4830.646936389516	9703.7998831793		K80+I		-4832.6503355711575	
37	9671.151437828854	HKY		-4828.575718914427	9689.495997815975	TIMef		-4829.7479989079875	9705.695052260357	TIMef		-4829.7479989079875	
38	9671.293872779032	TrNef		-4830.646936389516	9690.300671142315	K80+I		-4832.6503355711575	9707.112067012175	GTR		-4811.206900265403	
39	9671.495997815975	TIMef		-4829.7479989079875	9692.151437828854	HKY		-4828.575718914427	9711.050334680633	HKY		-4828.575718914427	
40	9671.570800148653	K81uf		-4827.785400074326	9695.30011493671	K81+I		-4832.650057468355	9711.499169381092	K81+I		-4832.650057468355	
41	9673.0962991217		SYM		-4828.54814956085	9695.570800148653	K81uf		-4827.785400074326	9712.450169376996	K80		-4840.825399873705	
42	9675.300671142315	K80+I		-4832.6503355711575	9697.0962991217		SYM		-4828.54814956085	9717.169539407829	K81uf		-4827.785400074326	
43	9677.30011493671	K81+I		-4832.650057468355	9700.300006761752	TIMef+I		-4832.650003380876	9718.19066607003	K81		-4839.845727016523	
44	9679.300006761752	TIMef+I		-4832.650003380876	9700.636179056619	TVM		-4825.318089528309	9718.695038380876	SYM		-4828.54814956085	
45	9689.65079974741	K80		-4840.825399873705	9701.65079974741	K80		-4840.825399873705	9719.198903613531	TIMef+I		-4832.650003380876	
46	9689.691454033045	K81		-4839.845727016523	9704.691454033045	K81		-4839.845727016523	9727.63460313059	TVM		-4825.318089528309	
47	9691.606160710055	TVMef		-4838.803080355027	9712.606160710055	TVMef		-4838.803080355027	9731.505057561833	TVMef		-4838.803080355027	
48	9758.37702504608	F81+G		-4872.18851252304	9779.37702504608	F81+G		-4872.18851252304	9798.275921897859	F81+G		-4872.18851252304	
49	9758.377706494197	F81+I		-4872.188853247098	9779.377706494197	F81+I		-4872.188853247098	9798.276603345976	F81+I		-4872.188853247098	
50	9760.377392385202	F81+I+G		-4872.188696192601	9784.377392385202	F81+I+G		-4872.188696192601	9798.649414127502	JC+I		-4883.925022248957	
51	9775.850044497914	JC+I		-4883.925022248957	9787.850044497914	JC+I		-4883.925022248957	9798.650188628806	JC+G		-4883.9254094996095	
52	9775.850818999219	JC+G		-4883.9254094996095	9787.850818999219	JC+G		-4883.9254094996095	9805.976131644378	F81+I+G		-4872.188696192601	
53	9777.850019223253	JC+I+G		-4883.925009611627	9792.850019223253	JC+I+G		-4883.925009611627	9806.349231260238	JC+I+G		-4883.925009611627	
54	9792.404640993354	F81		-4890.202320496677	9810.404640993354	F81		-4890.202320496677	9826.603695437736	F81		-4890.202320496677	
55	9809.959485789392	JC		-4901.979742894696	9818.959485789392	JC		-4901.979742894696	9827.059013011583	JC		-4901.979742894696	
56	9809.959485789392	JC		-4901.979742894696	9818.959485789392	JC		-4901.979742894696	9827.059013011583	JC		-4901.979742894696	

Analysis took: 0 minutes 4 seconds
